(node:54708) ExperimentalWarning: localStorage is not available because --localstorage-file was not provided.
(Use `node --trace-warnings ...` to show where the warning was created)
✔ entry, ready, Back, and headless reads keep API and presentation separate (11.5768ms)
✔ failed refresh clears values; empty success is distinct and retry works (5.9253ms)
✔ old session response cannot overwrite newer same-account entry (23.3604ms)
✔ account replacement and disposal invalidate obsolete reads (3.0691ms)
✔ presentation cleanup does not cancel independent callers (1.9818ms)
✔ each 30 second attempt is bounded despite a noncooperative reader (3.6265ms)
✔ other pages and logout clear asset presentation without wallet mutation (2.7016ms)
(node:45088) ExperimentalWarning: localStorage is not available because --localstorage-file was not provided.
(Use `node --trace-warnings ...` to show where the warning was created)
✔ balance split includes nonspendable Arkade holdings and rejects inconsistent boarding amounts (3.1721ms)
✔ transfer navigation reads fresh, returns to Details and is cleared by account changes (13.9614ms)
✔ activity rows consistently present operation, sats, network and primary identifier (17.4155ms)
✔ live history can finish after ten seconds of SDK historical lookups (10.1982ms)
(node:32704) ExperimentalWarning: localStorage is not available because --localstorage-file was not provided.
(Use `node --trace-warnings ...` to show where the warning was created)
✔ history loads without waiting for a stalled subscription (21.4989ms)
✔ history failure is reported even when SDK disposal never resolves (2.9593ms)
✔ asset history retains exact quantities and identifiers in Transactions and copied text (2.1405ms)
✔ Transactions loads signed SDK asset deltas after a burn without retrying valid history (152.2458ms)
✔ Activity leaves Loading and ignores late results when its observer never settles (2.6131ms)
✔ mint operations show exact decimal quantities, pending status, and deduplicate known transaction IDs (1.294ms)
✔ a failed activity refresh preserves the last successful transaction snapshot (3.2307ms)
✔ confirmation counts use chain tip and confirmed height, never timestamps (3.1431ms)
✔ all SDK history retained; newest first with undated pending first, outgoing and spent records (0.9688ms)
✔ outpoints only when unambiguous; multiple history outputs preserved; invalid amount rejected (0.9298ms)
✔ wallet watcher reconciles snapshots and stops on abort (9.0748ms)
✔ watcher refreshes confirmations and retains history when chain tip fails or stalls (84.5259ms)
(node:61420) ExperimentalWarning: localStorage is not available because --localstorage-file was not provided.
(Use `node --trace-warnings ...` to show where the warning was created)
✔ failure after success clears observer, rejects and disposes; late acquisition disposes (7.9427ms)
✔ degraded connection or latched provider failure never publishes history (1.4576ms)
✔ Account Activity lifecycle: no menu read, Back, switch, account change, logout, disposal (17.9066ms)
(node:24468) ExperimentalWarning: localStorage is not available because --localstorage-file was not provided.
(Use `node --trace-warnings ...` to show where the warning was created)
✔ addresses load only in Receive, without loading balance, and clear on Back (18.1119ms)
✔ refresh failure removes old addresses and a subsequent refresh recovers (9.2941ms)
✔ closing or disposing prevents a late address result from publishing (5.373ms)
✔ Details, Receive, Send and recovery navigate without leaking requests or stale addresses (4.6466ms)
✔ real adapter and SDK issue preserve the external holding, exact amount, icon and no control asset (428.9739ms)
✔ completed same-ID retry does not recreate a wallet or issue again; new ID is independent (96.8268ms)
✔ fractional quantity reaches the SDK and result without floating point loss (48.8705ms)
✔ required live-read failure cannot fall back to cached holdings and submit (35.8593ms)
✔ insufficient funds and durable-storage failure stop before the submit boundary (52.1876ms)
✔ lost submit response remains unknown and same-ID retry never replays from an absent holding (45.8176ms)
✔ accepted submit followed by finalization failure keeps its known transaction ID (22.35ms)
✔ secondary storage failure after acceptance does not interrupt transaction finalization (24.9727ms)
✔ fresh ownership reconciles a pending operation marker and ignores same-name external holdings (44.4931ms)
✔ account replacement immediately before provider submission refuses stale work (22.5249ms)
✔ aborted pre-submit work cannot submit late and its temporary wallet is disposed (25.561ms)
✔ aborted submitted work stays unknown until late completion reconciles without resubmission (43.7393ms)
✔ an accepted response arriving after abort leaves all journal writes to the next retry (43.975ms)
✔ late finalization after explicit account cleanup does not recreate its removed journal (20.6927ms)
✔ late accepted response cannot downgrade a reconciled successful journal record (37.2658ms)
✔ guests and existing Admin trophies cannot mint; icon version does not matter (1.8669ms)
✔ fresh ownership permits recollection and preflight catches a newly acquired trophy (0.4402ms)
✔ successful mint delivers one image toast, duplicate clicks are suppressed (10.6708ms)
✔ pending same trophy reconciles exact request and unrelated pending blocks collection (1.1627ms)
✔ uncertain result retains operation ID; reconciliation never invents another (0.5546ms)
✔ read failure cannot enable mint; definitive rejection requires acknowledgment (0.6399ms)
✔ account change or disposal suppresses a late success (5.7312ms)
✔ timeout restores navigation but retains uncertainty and ignores late completion (46.8968ms)
✔ concurrent same-wallet callers reach the mint adapter once and release the lock afterward (8.9297ms)
✔ list proceeds during a held mint lock without creating or changing transaction journals (3.8769ms)
✔ pending send blocks mint before the adapter while fresh listing remains read-only (2.1848ms)
✔ pending transfer blocks mint before the adapter while fresh listing remains read-only (1.9486ms)
✔ another wallet can mint while the first wallet holds its mutation lock (1.7603ms)
✔ foreign pending send, transfer and mint journals stay isolated from this account (1.5244ms)
✔ mintAsset cannot reach its adapter when dispose occurs during account storage loading (1.4633ms)
✔ mintAsset cannot reach its adapter when replace-profile occurs during account storage loading (1.4852ms)
✔ mintAsset cannot reach its adapter when replace-generation occurs during account storage loading (1.7293ms)
✔ listAssets cannot reach its adapter when dispose occurs during account storage loading (1.1214ms)
✔ listAssets cannot reach its adapter when replace-profile occurs during account storage loading (1.3987ms)
✔ listAssets cannot reach its adapter when replace-generation occurs during account storage loading (1.3126ms)
✔ an unannounced storage generation change also prevents mint from using the stale active account (1.133ms)
✔ a submitted mint completing after dispose retains its original journal and suppresses stale success (1.5943ms)
✔ a submitted mint completing after replace-profile retains its original journal and suppresses stale success (7.7391ms)
✔ a submitted mint completing after replace-generation retains its original journal and suppresses stale success (1.0045ms)
✔ missing browser locks prevents mint but leaves read-only listing available (0.7747ms)
✔ missing public journal storage prevents mint without reaching its adapter or leaking the failure (1.1244ms)
✔ throws public journal storage prevents mint without reaching its adapter or leaking the failure (0.8961ms)
✔ asset explorer uses the full Arkade asset ID on signet and rejects invalid IDs (1.3202ms)
✔ exact decimal placement preserves large integers and supported precision (0.3483ms)
✔ missing and invalid metadata never imply zero decimals (0.6296ms)
✔ copy includes full identity and public facts in stable order for duplicate names (0.2481ms)
✔ exact quantities and validation reject lossy or unsupported input (2.5586ms)
✔ operation IDs bind requests, block unknown mints, allow deliberate same-name mint (1.792ms)
✔ corrupt and unavailable storage fail closed (0.4214ms)
✔ listing includes non-BIS and metadata-free assets with exact bigint quantities (18.2664ms)
✔ headless APIs leave UI state unchanged and sanitize failures (7.1837ms)
✔ account change suppresses late asset response (10.9821ms)
✔ lack of locks refuses mint (1.0164ms)
(node:38132) ExperimentalWarning: localStorage is not available because --localstorage-file was not provided.
(Use `node --trace-warnings ...` to show where the warning was created)
✔ Account menu does not read balances; Details Back returns to menu before host (12.7692ms)
✔ adapter accepts real zero and maps available/total; rejects partial, invalid, degraded or failed reads (3.6718ms)
✔ bounded balance acquisition disposes on failure, timeout and late acquisition (11.2728ms)
✔ on-open/manual refresh clears old values, failure remains retryable, no storage writes or duplicate reads (3.3006ms)
✔ Back and logout cancellation discard pending work and request fresh balances (2.9374ms)
✔ replacement, reset and disposal invalidate old reads without publishing (4.8194ms)
✔ identity read failure is an account error, never a balance success (2.1314ms)
✔ registration returns pending while settlement continues with its wallet alive (416.9222ms)
✔ withdraw sats from an asset-bearing output and reserve asset change for Max (91.4433ms)
✔ asset inventory changes invalidate the quote even when sats and outpoints are unchanged (52.6073ms)
✔ asset-free Max still withdraws the entire eligible balance (24.8409ms)
✔ partial transfer selects only enough inputs while Max includes every available input (51.1877ms)
✔ asset-only dust cannot fund a Bitcoin withdrawal (26.634ms)
✔ SDK settlement preserves exact asset quantities; altered asset proofs are rejected (20.654ms)
✔ SDK settlement aggregates multiple assets from multiple inputs without depending on asset order (2.9174ms)
(node:37392) ExperimentalWarning: localStorage is not available because --localstorage-file was not provided.
(Use `node --trace-warnings ...` to show where the warning was created)
✔ submission binds and journals asset change before registration; ambiguous outcomes remain pending (45.4512ms)
✔ changed asset inventory at confirmation cannot register an intent (58.8694ms)
▶ altered settlement proofs cannot reach registration
  ✔ asset-id (70.5747ms)
  ✔ quantity (68.3181ms)
  ✔ allocation (54.1366ms)
  ✔ input (43.0891ms)
✔ altered settlement proofs cannot reach registration (237.2897ms)
✔ recovery requires exact asset change alongside confirmed Bitcoin receipt (0.5116ms)
✔ a second transfer retains the first pending transfer and its independent status (3.6992ms)
✔ late updates are addressed to their own transfer after a newer transfer starts (1.4764ms)
✔ every additional transfer requires acknowledgement of all currently pending transfers in either direction (1.2371ms)
(node:14920) ExperimentalWarning: localStorage is not available because --localstorage-file was not provided.
(Use `node --trace-warnings ...` to show where the warning was created)
✔ boarding preserves partial change and only Max selects the complete deposit (4.0414ms)
✔ review invalidates changed inputs, fees, account, amount, projections and expiry (1.0247ms)
✔ direct API confirmation requires an active wallet before any wallet operation (7.9441ms)
✔ prepared recovery is safe; its old registration callback cannot submit (4.3827ms)
✔ complete logout cannot overlap a mutation for any wallet (1.3ms)
✔ storage cleanup rechecks pending consent and account identity inside its lock (2.0538ms)
✔ acknowledged logout clears identity and journals, retaining only restart metadata; administrative reset still blocks (10.2891ms)
✔ registration marker precedes network and unknown outcomes remain blocked after reload (1.0492ms)
✔ confirmed registration and late commitment survive timeout; never permit automatic replay (0.9863ms)
✔ timeout before registration and account replacement reject all late registration (0.7053ms)
✔ unavailable/corrupt storage or failed write prevents registration (0.8213ms)
✔ same-origin operations cannot overlap; pending records block another profile too (0.6562ms)
✔ late result cannot alter a replacement operation (0.9543ms)
✔ completion requires confirmed input spend, exact owned receipt and exact Bitcoin change (0.8555ms)
✔ all account readers use read-only identities; sole signing adapter disables automatic settlement (1.994ms)
✔ reverse completion requires exact Bitcoin output, Arkade change and consumed VTXO evidence (0.558ms)
✔ public confirmation serializes duplicate callers and reload resumes status without submission (866.5017ms)
✔ settlement lifetime covers the advertised session end and signing grace (0.4335ms)
✔ status failure retains the recorded attempt and its phase without resubmitting (1.6757ms)
✔ quote review neither submits nor creates a pending journal (0.9121ms)
✔ interruption diagnostics survive reload but never authorize retry (0.9467ms)
✔ late interruption cannot change a replacement or completed record (0.2952ms)
✔ invalid operator schedules fail before submission (0.1578ms)
✔ SDK burn preserves other asset outputs and exact amount; completed retries do not submit (16.3545ms)
✔ changed holding, missing storage and account change prevent submission (7.9066ms)
✔ lost response stays pending, blocks other spends and is counted for logout (3.2616ms)
✔ request validation rejects malformed or inexact quantities (0.581ms)
✔ abort after submission retains uncertain journal despite a late SDK response (8.0343ms)
✔ public burn uses shared wallet lock and sanitizes failures (6.7121ms)
(node:42204) ExperimentalWarning: localStorage is not available because --localstorage-file was not provided.
(Use `node --trace-warnings ...` to show where the warning was created)
✔ entry round trip, repeated open, immutable state and disposal (5.6174ms)
✔ recovery stays private and repeated Continue commits once before activation (1.69ms)
✔ failed save retries same identity without premature event (1.0095ms)
✔ reset invalidates delayed creation and old subscribers (1.5624ms)
✔ reload restores same identity but incomplete creation is forgotten (1.5199ms)
✔ corrupt hydration is an error and cannot create a replacement (0.6111ms)
✔ only Signet is accepted (0.2219ms)
✔ cross-instance reset notification invalidates the remembered account (1.3171ms)
✔ reset failure is visible and does not report success (0.8504ms)
✔ duplicate creation and disposal during creation do not publish a result (0.7385ms)
✔ Back abandons recovery and returns to the logged-out chooser (0.8026ms)
✔ generated recipient is never persisted as identity; exact 1000 sat payment persists before submit (353.0967ms)
✔ lost response preserves a durable pending transaction (124.4601ms)
✔ insufficient funds fails before network submission (104.2842ms)
✔ account change before submission fails without spending (121.6077ms)
✔ storage failure prevents wallet creation and submission (0.5883ms)
✔ B1 spends sats from the asset-bearing wallet output while preserving all three assets in change (125.7131ms)
✔ B1 rejects prepared asset redirection to recipient before network submission (95.8347ms)
▶ B1 rejects asset omission and changed quantities before submission
  ✔ {"missingAsset":true} (96.4617ms)
  ✔ {"wrongQuantity":true} (87.8983ms)
✔ B1 rejects asset omission and changed quantities before submission (185.0347ms)
✔ B1 keeps enough change to hold assets instead of spending the complete output (62.516ms)
✔ valid 1000-sat price reports eligible available and required funds separately from total (30.3265ms)
✔ invalid amounts, operator minimum and subdust change retain distinct explanations (0.6361ms)
✔ legacy failed result displays corrected validation explanation without mutating history or touching network (1.1733ms)
✔ specific current failure explanations are preserved (0.2786ms)
✔ whole-sat boundaries pass and every invalid amount rejects before adapter work (4.8892ms)
✔ same identity is durable and idempotent; changed amount/context fails; generic sends cannot overwrite it (4.9876ms)
✔ lost response remains pending; spending, reset and logout cannot discard it (4.9455ms)
✔ only exact finalized output reconciles; absent or wrong output does not imply failure (1.4724ms)
✔ interrupted preparation is confirmed not submitted and never retried (1.0464ms)
✔ no account blocks submission; late result retains original account and run (7.5133ms)
✔ asset-bearing pending payment reconciles only with exact owned asset change and asset-free recipient (2.5426ms)
(node:18304) ExperimentalWarning: localStorage is not available because --localstorage-file was not provided.
(Use `node --trace-warnings ...` to show where the warning was created)
✔ switching wallets isolates in-flight funding and its late completion (9.6311ms)
✔ faucet sends exactly 1000 sats once; rejects non-Signet and failed responses (39.7583ms)
✔ admin funding requires account, prevents duplicate calls, preserves UI and balances (8.0824ms)
✔ BIS owns price; logged out can never submit (2.1149ms)
✔ duplicate clicks submit once, uncertainty stays pending, exact success delivers once (7.9557ms)
✔ definitive failure enables an explicit new attempt with a new identity (0.9389ms)
✔ thrown submission cannot imply failure when its status is unreadable (0.6808ms)
✔ wrong result never grants continuation; disposal drops late success (0.6858ms)
✔ a different account cannot receive the original payment gameplay effect (0.5721ms)
(node:40156) ExperimentalWarning: localStorage is not available because --localstorage-file was not provided.
(Use `node --trace-warnings ...` to show where the warning was created)
✔ invoice capability is unavailable and navigation leaves address receiving usable (6.2988ms)
9:41:42 AM [vite] (client) page reload BIS/packages/integration-demo/dist/index.html
9:41:42 AM [vite] (client) page reload BIS/packages/integration-demo/dist/documentation/user-stories/index.html
✔ production Receive hides deferred invoice UI and keeps address Copy and Back enabled (2014.0777ms)
✔ counts all pending operations, deduplicates legacy journals, excludes completed operations (2.0786ms)
✔ clears only BIS-owned web storage and verifies removal (0.749ms)
✔ unreadable operation data does not silently become zero pending (0.3261ms)
(node:38372) ExperimentalWarning: localStorage is not available because --localstorage-file was not provided.
(Use `node --trace-warnings ...` to show where the warning was created)
✔ logout passes the reviewed operation snapshot to complete cleanup (8.1793ms)
✔ logout requires acknowledgement, cancels, resets checkbox and preserves host destination (3.8194ms)
✔ failed clearing stays in dialogue with retry and no premature event (2.0211ms)
✔ ambiguous completion retries by reconciling absence without clearing twice (1.1463ms)
✔ duplicate submission and cancellation cannot interrupt pending logout (4.9369ms)
✔ replacement account invalidates old confirmation and its acknowledgement (1.2423ms)
✔ replacement during failed logout is not cleared by Retry (1.0557ms)
✔ two contexts emit one disconnection each; empty hydration emits none (2.0581ms)
✔ dispose and admin reset invalidate delayed logout publications (10.4607ms)
✔ read-back failure does not report success and Retry verifies the committed absence (2.2819ms)
✔ generation guard rejects replacement after preflight and stale account saves (1.9055ms)
✔ successful logout never publishes a create/restore dialog, including reconciled retry (3.1564ms)
✔ five pending operations require the additional acknowledgement and reopening resets it (1.2561ms)
✔ changed pending operations invalidate consent even when their count stays the same (0.9827ms)
✔ retries one failed read and returns the second result (1.9019ms)
✔ two failures reject and never start a third attempt (1.1681ms)
✔ a hung read is bounded and its attempt is aborted before retry (19.4246ms)
✔ leaving a page aborts a noncooperative read without retry (0.9484ms)
(node:24852) ExperimentalWarning: localStorage is not available because --localstorage-file was not provided.
(Use `node --trace-warnings ...` to show where the warning was created)
✔ saved phrase requires explicit reveal, stays private and clears on Back/reopen (6.5079ms)
✔ logout recovery returns to confirmation and requires fresh acknowledgement (2.6537ms)
✔ late reveal is discarded after Back/reopen, reset, replacement or disposal (6.3787ms)
✔ storage error is sanitized and retry can reveal (2.1393ms)
✔ unannounced account replacement cannot reveal a different identity (1.6614ms)
(node:54824) ExperimentalWarning: localStorage is not available because --localstorage-file was not provided.
(Use `node --trace-warnings ...` to show where the warning was created)
✔ non-reloading hosts receive restart after invalidation, once per affected context (8.9564ms)
✔ throwing host cannot turn completed cleanup into logout-error or repeat cleanup (0.9405ms)
✔ cancel, initial absence, admin reset and disposal do not request restart (0.9902ms)
✔ late cleanup cannot invalidate a replacement profile or publish restart (0.758ms)
✔ word membership, twelve words, normalization and full checksum (4.3855ms)
✔ same phrase preserves public identity; invalid phrase does not contact network (166.1365ms)
✔ restoration rejects a non-Signet operator (21.936ms)
(node:60328) ExperimentalWarning: localStorage is not available because --localstorage-file was not provided.
(Use `node --trace-warnings ...` to show where the warning was created)
✔ temporary wallet disposes on success, failure, abort and late acquisition (1.9037ms)
✔ restore saves once, publishes only public identity and survives hydration (5.0633ms)
✔ network failure remains unsaved; Retry reuses phrase; invalid submission is ignored (1.8584ms)
✔ save failure and ambiguous completion reconcile without another connection (3.8597ms)
✔ Back, disposal and concurrent account replacement invalidate delayed restoration (5.8366ms)
✔ Back is guarded while saving and cancellation cannot clobber a newer attempt (1.3752ms)
✔ deadline disposes a wallet even if address acquisition never completes (20.7069ms)
✔ late cancelled connection cannot clear the pending identity of a newer restore (1.9048ms)
✔ submission boundary verifies recipient, owned change and checkpoint-linked inputs (14.9451ms)
✔ submission rejects extra outputs and inconsistent totals (8.8118ms)
✔ address validation rejects self, foreign operator, mainnet, malformed and invoice (3.9263ms)
✔ adapter persists before network, preserves a lost response, and blocks late submission (232.2513ms)
✔ only latest issued quote authorizes a single send (4.6998ms)
✔ account replacement and disposal invalidate review (1.4282ms)
✔ pending send blocks reset, transfer and mint without clearing data (1.7226ms)
✔ status preserves pending evidence on network failure and never submits (0.8355ms)
✔ amounts preserve exact recipient and reject dust change, fractions and unsafe totals (33.9461ms)
✔ quote binds all reviewed terms and expires (0.9957ms)
✔ pending journal survives reload, blocks mutations and releases only matching success (1.9179ms)
✔ corrupt and unpersisted records fail closed (0.7155ms)
✔ journal rejects inconsistent monetary terms and extra secret-bearing fields (0.6684ms)
✔ Activity labels local send evidence and deduplicates real SDK history (0.9859ms)
✔ image is ready only after decoding and loads without a referrer (2.8799ms)
✔ broken, stalled, or undecodable image falls back to text once (0.6069ms)
✔ unmount during image decoding ignores late completion (0.3498ms)
(node:67252) ExperimentalWarning: localStorage is not available because --localstorage-file was not provided.
(Use `node --trace-warnings ...` to show where the warning was created)
✔ public toasts work before account initialization, normalize durations, and stay context-local (3.559ms)
✔ FIFO accepts duplicate messages and stale completion cannot skip the next entry (0.8848ms)
✔ optional image carries the trophy asset icon independently for each message (0.8807ms)
✔ pre-mount messages wait; effect replay and navigation preserve messages; unmount and disposal clear them (1.1002ms)
✔ entry and exit exclude the hold; arrivals in every phase do not restart the timer (1.9427ms)
✔ duration override, reduced motion, and cancellation retain correct lifetime (0.4145ms)
✔ explorer routes Bitcoin, Arkade and commitment IDs without treating operation IDs as transactions (2.7767ms)
✔ transaction timestamp uses recorded milliseconds and explicitly labels UTC or missing time (2.888ms)
✔ onchain details show confirmation progress without promising an ETA (0.9877ms)
✔ row summary contains only grouped sats, direction and short status (33.6555ms)
✔ transaction details label fields and separate identifiers and assets without rounding (0.7911ms)
✔ local transfer rows carry public recovery metadata, including merged SDK rows (4.2875ms)
✔ registered transfer appears first before SDK history, with copyable explicit status and IDs (1.6947ms)
✔ same commitment is annotated without adding a duplicate transaction (0.5032ms)
✔ multiple operations keep independent rows and repeated updates do not duplicate identifiers (0.5427ms)
✔ uncertainty and verified/not-submitted outcomes stay distinct, including without SDK history (0.5334ms)
✔ pending report contains exact public identifiers, facts and investigation questions (2.5215ms)
✔ unavailable and missing data never claim live verification or invented facts (0.464ms)
✔ report projects allowlisted data and rejects malformed values without leaking raw strings (0.5059ms)
✔ terminal or absent operations never generate pending recovery reports (0.3187ms)
✔ transfer: another wallet cannot block or overwrite this wallet (2.534ms)
✔ transfer: legacy recovery belongs only to its original wallet (0.3614ms)
✔ transfer: corrupt foreign records do not block this wallet (0.2635ms)
✔ send: another wallet cannot block or overwrite this wallet (0.8404ms)
✔ send: legacy recovery belongs only to its original wallet (0.3573ms)
✔ send: corrupt foreign records do not block this wallet (0.2127ms)
✔ current wallet status and spending ignore foreign pending operations, then restore their owner (9.6656ms)
✔ wallet locks serialize the same owner while allowing another owner (0.6946ms)
✔ late transfer callbacks stay attached to their original wallet (0.6103ms)
✔ account clearing checks only the loaded wallet, without altering foreign recovery (0.9267ms)
ℹ tests 270
ℹ suites 0
ℹ pass 270
ℹ fail 0
ℹ cancelled 0
ℹ skipped 0
ℹ todo 0
ℹ duration_ms 3629.0798
